<lepton id="e-" generation="electronic">
  <mass>
    <double label="base" value="0.00054857990907" unit="amu"/></mass>
  <spin>
    <fraction label="base" value="1/2" unit="hbar"/></spin>
  <parity>
    <integer label="base" value="1"/></parity>
  <charge>
    <integer label="base" value="-1" unit="e"/></charge>
  <halflife>
    <string label="base" value="stable" unit="s"/></halflife></lepton>

<leptons>
  <lepton id="e-" generation="electronic">
    <mass>
      <double label="base" value="0.00054857990907" unit="amu"/></mass>
    <spin>
      <fraction label="base" value="1/2" unit="hbar"/></spin>
    <parity>
      <integer label="base" value="1"/></parity>
    <charge>
      <integer label="base" value="-1" unit="e"/></charge>
    <halflife>
      <string label="base" value="stable" unit="s"/></halflife></lepton></leptons>
